// Jest Snapshot v1, https://goo.gl/fbAQLP

exports[`sideboard load click button 1`] = `
"<div id=\\"sideboard\\">
  <nav><button id=\\"translation-button\\" class=\\"tab-button\\">Translation</button><button id=\\"rotation-button\\" class=\\"tab-button\\">Rotation</button><button id=\\"reflection-button\\" class=\\"tab-button\\">Reflection</button></nav>
  <div id=\\"translation\\" class=\\"tab\\">
    <div class=\\"controls\\"><input name=\\"setTranslationFactor\\" type=\\"number\\" min=\\"0\\" max=\\"18\\" id=\\"factorBox\\" value=\\"\\"><button name=\\"up\\" alt=\\"up button\\" id=\\"up\\" class=\\"arrow button\\"><svg>btnTransArrow_crop.svg</svg></button><button name=\\"left\\" alt=\\"left button\\" id=\\"left\\" class=\\"arrow button\\"><svg>btnTransArrow_crop.svg</svg></button><button name=\\"right\\" alt=\\"right button\\" id=\\"right\\" class=\\"arrow button\\"><svg>btnTransArrow_crop.svg</svg></button><button name=\\"down\\" alt=\\"down button\\" id=\\"down\\" class=\\"arrow button\\"><svg>btnTransArrow_crop.svg</svg></button></div>
  </div>
</div>"
`;
